// Jest Snapshot v1, https://goo.gl/fbAQLP

exports[`can create a transaction into an account 1`] = `
Object {
  "id": "a1",
  "initialBalance": 0,
  "name": "Inter",
  "transactions": Array [
    Object {
      "date": 1482363367071,
      "description": "Despesa",
      "id": "t1",
      "isPaid": false,
      "type": "d",
      "value": -1000,
    },
  ],
}
`;
